test_unit.sh: line 14: ./cub3d: No such file or directory
